---
source: crates/plotinator-hdf5/src/tsc/gps_pvt.rs
expression: gps_pvt
---
[GpsPvtRecord {
    i_tow: 220110000,
    year: 2025,
    month: 8,
    day: 19,
    hour: 13,
    min: 8,
    sec: 12,
    valid_flag: 55,
    t_acc: 284,
    nano: -313882,
    fix_type: 3,
    flags: 0,
    flags2: 11,
    num_sv: 5,
    lon: 93363642,
    lat: 554502297,
    height: -28782,
    h_msl: -72621,
    h_acc: 122308,
    v_acc: 128949,
    vel_n: -10054,
    vel_e: -4231,
    vel_d: 2655,
    g_speed: 10908,
    head_mot: 20282393,
    s_acc: 463,
    head_acc: 144258,
    p_dop: 605,
    reserved01: 0,
    reserved02: 224,
    reserved03: 18,
    reserved04: 123,
    reserved05: 34,
    reserved06: 0,
    head_veh: 8652837,
    mag_dec: 2130,
    mag_acc: 132,
}, GpsPvtRecord {
    i_tow: 220111000,
    year: 2025,
    month: 8,
    day: 19,
    hour: 13,
    min: 8,
    sec: 13,
    valid_flag: 55,
    t_acc: 278,
    nano: -313834,
    fix_type: 3,
    flags: 0,
    flags2: 11,
    num_sv: 5,
    lon: 93361114,
    lat: 554500636,
    height: -40088,
    h_msl: -83927,
    h_acc: 119632,
    v_acc: 128486,
    vel_n: -9638,
    vel_e: -3895,
    vel_d: 2800,
    g_speed: 10395,
    head_mot: 20200429,
    s_acc: 513,
    head_acc: 158631,
    p_dop: 418,
    reserved01: 0,
    reserved02: 224,
    reserved03: 18,
    reserved04: 123,
    reserved05: 34,
    reserved06: 0,
    head_veh: 8652837,
    mag_dec: 2130,
    mag_acc: 132,
}, GpsPvtRecord {
    i_tow: 220112000,
    year: 2025,
    month: 8,
    day: 19,
    hour: 13,
    min: 8,
    sec: 14,
    valid_flag: 55,
    t_acc: 277,
    nano: -313829,
    fix_type: 3,
    flags: 0,
    flags2: 11,
    num_sv: 5,
    lon: 93362615,
    lat: 554499264,
    height: -38528,
    h_msl: -82367,
    h_acc: 119097,
    v_acc: 129434,
    vel_n: -9327,
    vel_e: -3606,
    vel_d: 2707,
    g_speed: 10000,
    head_mot: 20113725,
    s_acc: 782,
    head_acc: 295602,
    p_dop: 439,
    reserved01: 0,
    reserved02: 224,
    reserved03: 18,
    reserved04: 123,
    reserved05: 34,
    reserved06: 0,
    head_veh: 8652837,
    mag_dec: 2130,
    mag_acc: 132,
}, GpsPvtRecord {
    i_tow: 220113000,
    year: 2025,
    month: 8,
    day: 19,
    hour: 13,
    min: 8,
    sec: 15,
    valid_flag: 55,
    t_acc: 276,
    nano: -313809,
    fix_type: 3,
    flags: 0,
    flags2: 11,
    num_sv: 5,
    lon: 93363447,
    lat: 554497643,
    height: -45122,
    h_msl: -88961,
    h_acc: 117963,
    v_acc: 130728,
    vel_n: -8703,
    vel_e: -3774,
    vel_d: 2741,
    g_speed: 9486,
    head_mot: 20344540,
    s_acc: 516,
    head_acc: 261458,
    p_dop: 659,
    reserved01: 0,
    reserved02: 224,
    reserved03: 18,
    reserved04: 123,
    reserved05: 34,
    reserved06: 0,
    head_veh: 8652837,
    mag_dec: 2130,
    mag_acc: 132,
}, GpsPvtRecord {
    i_tow: 220114000,
    year: 2025,
    month: 8,
    day: 19,
    hour: 13,
    min: 8,
    sec: 16,
    valid_flag: 55,
    t_acc: 277,
    nano: -313827,
    fix_type: 3,
    flags: 0,
    flags2: 11,
    num_sv: 5,
    lon: 93364092,
    lat: 554496875,
    height: -41041,
    h_msl: -84880,
    h_acc: 118080,
    v_acc: 131487,
    vel_n: -8508,
    vel_e: -3798,
    vel_d: 2633,
    g_speed: 9318,
    head_mot: 20405622,
    s_acc: 781,
    head_acc: 350435,
    p_dop: 439,
    reserved01: 0,
    reserved02: 224,
    reserved03: 18,
    reserved04: 123,
    reserved05: 34,
    reserved06: 0,
    head_veh: 8652837,
    mag_dec: 2130,
    mag_acc: 132,
}], shape=[5], strides=[1], layout=CFcf (0xf), const ndim=1
