---
source: crates/plotinator-hdf5/src/tsc/gps_pvt.rs
expression: gps_pvt
---
[GpsPvtRecord {
    i_tow: 0,
    year: 0,
    month: 0,
    day: 0,
    hour: 0,
    min: 0,
    sec: 0,
    valid_flag: 0,
    t_acc: 0,
    nano: 0,
    fix_type: 0,
    flags: 0,
    flags2: 0,
    num_sv: 0,
    lon: 0,
    lat: 0,
    height: 0,
    h_msl: 0,
    h_acc: 0,
    v_acc: 0,
    vel_n: 0,
    vel_e: 0,
    vel_d: 0,
    g_speed: 0,
    head_mot: 0,
    s_acc: 0,
    head_acc: 0,
    p_dop: 0,
    reserved01: 0,
    reserved02: 0,
    reserved03: 0,
    reserved04: 0,
    reserved05: 0,
    reserved06: 0,
    head_veh: 0,
    mag_dec: 0,
    mag_acc: 0,
}], shape=[1], strides=[1], layout=CFcf (0xf), const ndim=1
