---
source: crates/plotinator-hdf5/src/tsc/hm.rs
expression: sample_values
---
[
    (
        [
            0,
            0,
            0,
            0,
            0,
            0,
        ],
        0,
    ),
    (
        [
            0,
            1,
            0,
            0,
            0,
            0,
        ],
        0,
    ),
    (
        [
            1,
            0,
            1,
            0,
            0,
            0,
        ],
        0,
    ),
    (
        [
            2,
            10,
            0,
            10,
            0,
            0,
        ],
        0,
    ),
    (
        [
            3,
            100,
            1,
            50,
            5,
            3,
        ],
        0,
    ),
]
