---
source: crates/plotinator-plot-util/src/mipmap.rs
expression: "(level_sizes, first_5_elements)"
---
(
    [
        8096,
        4048,
        2024,
        1012,
        506,
    ],
    [
        PlotPoint {
            x: 0.0,
            y: 0.0,
        },
        PlotPoint {
            x: 31.0,
            y: 31.0,
        },
        PlotPoint {
            x: 32.0,
            y: 32.0,
        },
        PlotPoint {
            x: 63.0,
            y: 63.0,
        },
        PlotPoint {
            x: 64.0,
            y: 64.0,
        },
    ],
)
