---
source: crates/plotinator-mqtt/src/parse_packet/known_topic/frame_gps.rs
expression: mqtt_data
---
MqttData {
    inner: Topics(
        [
            MqttTopicData {
                topic: "dt/tc/frame-gps/x/gps[GP2]",
                payload: Point(
                    PlotPoint {
                        x: 1.7573213631409147e18,
                        y: 56.217777252197266,
                    },
                ),
                ty: Some(
                    Latitude,
                ),
            },
            MqttTopicData {
                topic: "dt/tc/frame-gps/x/gps[GP2]",
                payload: Point(
                    PlotPoint {
                        x: 1.7573213631409147e18,
                        y: 10.147778511047363,
                    },
                ),
                ty: Some(
                    Longitude,
                ),
            },
            MqttTopicData {
                topic: "dt/tc/frame-gps/x/gps[GP2]",
                payload: Point(
                    PlotPoint {
                        x: 1.7573213631409147e18,
                        y: 66.62000274658203,
                    },
                ),
                ty: Some(
                    AltitudeMSL,
                ),
            },
            MqttTopicData {
                topic: "dt/tc/frame-gps/x/gps[GP2]",
                payload: Point(
                    PlotPoint {
                        x: 1.7573213631409147e18,
                        y: 3.0,
                    },
                ),
                ty: Some(
                    Other {
                        name: "GPS Fix mode",
                        unit: None,
                        plot_range: Percentage,
                        default_hidden: false,
                    },
                ),
            },
            MqttTopicData {
                topic: "dt/tc/frame-gps/x/gps[GP2]",
                payload: Point(
                    PlotPoint {
                        x: 1.7573213631409147e18,
                        y: 0.800000011920929,
                    },
                ),
                ty: Some(
                    Other {
                        name: "HDOP",
                        unit: None,
                        plot_range: Hundreds,
                        default_hidden: true,
                    },
                ),
            },
            MqttTopicData {
                topic: "dt/tc/frame-gps/x/gps[GP2]",
                payload: Point(
                    PlotPoint {
                        x: 1.7573213631409147e18,
                        y: 1.5,
                    },
                ),
                ty: Some(
                    Other {
                        name: "VDOP",
                        unit: None,
                        plot_range: Hundreds,
                        default_hidden: true,
                    },
                ),
            },
            MqttTopicData {
                topic: "dt/tc/frame-gps/x/gps[GP2]",
                payload: Point(
                    PlotPoint {
                        x: 1.7573213631409147e18,
                        y: 1.7000000476837158,
                    },
                ),
                ty: Some(
                    Other {
                        name: "PDOP",
                        unit: None,
                        plot_range: Hundreds,
                        default_hidden: true,
                    },
                ),
            },
            MqttTopicData {
                topic: "dt/tc/frame-gps/x/gps[GP2]",
                payload: Point(
                    PlotPoint {
                        x: 1.7573213631409147e18,
                        y: 10.0,
                    },
                ),
                ty: Some(
                    Other {
                        name: "Satellites",
                        unit: None,
                        plot_range: Hundreds,
                        default_hidden: false,
                    },
                ),
            },
            MqttTopicData {
                topic: "dt/tc/frame-gps/x/gps[GP2]",
                payload: Point(
                    PlotPoint {
                        x: 1.7573213631409147e18,
                        y: 0.052000001072883606,
                    },
                ),
                ty: Some(
                    Velocity,
                ),
            },
            MqttTopicData {
                topic: "dt/tc/frame-gps/x/gps[GP2]",
                payload: Point(
                    PlotPoint {
                        x: 1.7573213631409147e18,
                        y: 140.0,
                    },
                ),
                ty: Some(
                    TimeDelta {
                        name: "Offset",
                        unit: "ms",
                    },
                ),
            },
            MqttTopicData {
                topic: "dt/tc/frame-gps/x/gps[2]",
                payload: GeoPoint(
                    GeoPoint {
                        timestamp: 1.757321363e18,
                        position: POINT(10.147778511047363 56.217777252197266),
                        heading: None,
                        altitude: Some(
                            Gnss(
                                66.62000274658203,
                            ),
                        ),
                        speed: Some(
                            0.09630399942398071,
                        ),
                    },
                ),
                ty: None,
            },
        ],
    ),
}
